

================================================================
== Vivado HLS Report for 'timer'
================================================================
* Date:           Tue Sep  3 13:26:53 2019

* Version:        2018.2 (Build 2258646 on Thu Jun 14 20:25:20 MDT 2018)
* Project:        HLStimer
* Solution:       solution1
* Product family: zynq
* Target device:  xc7z020clg484-1


================================================================
== Performance Estimates
================================================================
+ Timing (ns): 
    * Summary: 
    +--------+-------+----------+------------+
    |  Clock | Target| Estimated| Uncertainty|
    +--------+-------+----------+------------+
    |ap_clk  |   5.00|     4.321|        0.62|
    +--------+-------+----------+------------+

+ Latency (clock cycles): 
    * Summary: 
    +-----+-----+-----+-----+---------+
    |  Latency  |  Interval | Pipeline|
    | min | max | min | max |   Type  |
    +-----+-----+-----+-----+---------+
    |    ?|    ?|    ?|    ?|   none  |
    +-----+-----+-----+-----+---------+

    + Detail: 
        * Instance: 
        N/A

        * Loop: 
        +----------+-----+-----+----------+-----------+-----------+------+----------+
        |          |  Latency  | Iteration|  Initiation Interval  | Trip |          |
        | Loop Name| min | max |  Latency |  achieved |   target  | Count| Pipelined|
        +----------+-----+-----+----------+-----------+-----------+------+----------+
        |- Loop 1  |    ?|    ?|         1|          -|          -|  inf |    no    |
        +----------+-----+-----+----------+-----------+-----------+------+----------+



================================================================
== Utilization Estimates
================================================================
* Summary: 
+-----------------+---------+-------+--------+-------+
|       Name      | BRAM_18K| DSP48E|   FF   |  LUT  |
+-----------------+---------+-------+--------+-------+
|DSP              |        -|      -|       -|      -|
|Expression       |        -|      -|       0|     57|
|FIFO             |        -|      -|       -|      -|
|Instance         |        0|      -|     112|    168|
|Memory           |        -|      -|       -|      -|
|Multiplexer      |        -|      -|       -|     24|
|Register         |        -|      -|      34|      -|
+-----------------+---------+-------+--------+-------+
|Total            |        0|      0|     146|    249|
+-----------------+---------+-------+--------+-------+
|Available        |      280|    220|  106400|  53200|
+-----------------+---------+-------+--------+-------+
|Utilization (%)  |        0|      0|   ~0   |   ~0  |
+-----------------+---------+-------+--------+-------+

+ Detail: 
    * Instance: 
    +---------------------+-------------------+---------+-------+-----+-----+
    |       Instance      |       Module      | BRAM_18K| DSP48E|  FF | LUT |
    +---------------------+-------------------+---------+-------+-----+-----+
    |timer_BUS_A_s_axi_U  |timer_BUS_A_s_axi  |        0|      0|  112|  168|
    +---------------------+-------------------+---------+-------+-----+-----+
    |Total                |                   |        0|      0|  112|  168|
    +---------------------+-------------------+---------+-------+-----+-----+

    * DSP48: 
    N/A

    * Memory: 
    N/A

    * FIFO: 
    N/A

    * Expression: 
    +--------------+----------+-------+---+----+------------+------------+
    | Variable Name| Operation| DSP48E| FF| LUT| Bitwidth P0| Bitwidth P1|
    +--------------+----------+-------+---+----+------------+------------+
    |timeTicks     |     +    |      0|  0|  39|          32|           1|
    |tmp_fu_41_p2  |   icmp   |      0|  0|  18|          32|           1|
    +--------------+----------+-------+---+----+------------+------------+
    |Total         |          |      0|  0|  57|          64|           2|
    +--------------+----------+-------+---+----+------------+------------+

    * Multiplexer: 
    +-----------+----+-----------+-----+-----------+
    |    Name   | LUT| Input Size| Bits| Total Bits|
    +-----------+----+-----------+-----+-----------+
    |ap_NS_fsm  |  15|          3|    1|          3|
    |cnt        |   9|          2|   32|         64|
    +-----------+----+-----------+-----+-----------+
    |Total      |  24|          5|   33|         67|
    +-----------+----+-----------+-----+-----------+

    * Register: 
    +-----------+----+----+-----+-----------+
    |    Name   | FF | LUT| Bits| Const Bits|
    +-----------+----+----+-----+-----------+
    |ap_CS_fsm  |   2|   0|    2|          0|
    |cnt        |  32|   0|   32|          0|
    +-----------+----+----+-----+-----------+
    |Total      |  34|   0|   34|          0|
    +-----------+----+----+-----+-----------+



================================================================
== Interface
================================================================
* Summary: 
+---------------------+-----+-----+------------+--------------+--------------+
|      RTL Ports      | Dir | Bits|  Protocol  | Source Object|    C Type    |
+---------------------+-----+-----+------------+--------------+--------------+
|s_axi_BUS_A_AWVALID  |  in |    1|    s_axi   |     BUS_A    |    pointer   |
|s_axi_BUS_A_AWREADY  | out |    1|    s_axi   |     BUS_A    |    pointer   |
|s_axi_BUS_A_AWADDR   |  in |    5|    s_axi   |     BUS_A    |    pointer   |
|s_axi_BUS_A_WVALID   |  in |    1|    s_axi   |     BUS_A    |    pointer   |
|s_axi_BUS_A_WREADY   | out |    1|    s_axi   |     BUS_A    |    pointer   |
|s_axi_BUS_A_WDATA    |  in |   32|    s_axi   |     BUS_A    |    pointer   |
|s_axi_BUS_A_WSTRB    |  in |    4|    s_axi   |     BUS_A    |    pointer   |
|s_axi_BUS_A_ARVALID  |  in |    1|    s_axi   |     BUS_A    |    pointer   |
|s_axi_BUS_A_ARREADY  | out |    1|    s_axi   |     BUS_A    |    pointer   |
|s_axi_BUS_A_ARADDR   |  in |    5|    s_axi   |     BUS_A    |    pointer   |
|s_axi_BUS_A_RVALID   | out |    1|    s_axi   |     BUS_A    |    pointer   |
|s_axi_BUS_A_RREADY   |  in |    1|    s_axi   |     BUS_A    |    pointer   |
|s_axi_BUS_A_RDATA    | out |   32|    s_axi   |     BUS_A    |    pointer   |
|s_axi_BUS_A_RRESP    | out |    2|    s_axi   |     BUS_A    |    pointer   |
|s_axi_BUS_A_BVALID   | out |    1|    s_axi   |     BUS_A    |    pointer   |
|s_axi_BUS_A_BREADY   |  in |    1|    s_axi   |     BUS_A    |    pointer   |
|s_axi_BUS_A_BRESP    | out |    2|    s_axi   |     BUS_A    |    pointer   |
|ap_clk               |  in |    1| ap_ctrl_hs |     timer    | return value |
|ap_rst_n             |  in |    1| ap_ctrl_hs |     timer    | return value |
|interrupt            | out |    1| ap_ctrl_hs |     timer    | return value |
+---------------------+-----+-----+------------+--------------+--------------+

